
> appme-app@1.0.0 test
> jest --watchAll=false

